core_cm0plus.h:745:22:NVIC_EnableIRQ	16	static
core_cm0plus.h:756:22:NVIC_DisableIRQ	16	static
core_cm0plus.h:769:26:NVIC_GetPendingIRQ	16	static
core_cm0plus.h:780:22:NVIC_SetPendingIRQ	16	static
core_cm0plus.h:791:22:NVIC_ClearPendingIRQ	16	static
core_cm0plus.h:804:22:NVIC_SetPriority	24	static
core_cm0plus.h:828:26:NVIC_GetPriority	16	static
core_cm0plus.h:846:22:NVIC_SystemReset	8	static,ignoring_inline_asm
core_cm0plus.h:885:26:SysTick_Config	16	static
stm32g0xx_hal_cortex.c:132:6:HAL_NVIC_SetPriority	24	static
stm32g0xx_hal_cortex.c:146:6:HAL_NVIC_EnableIRQ	16	static
stm32g0xx_hal_cortex.c:162:6:HAL_NVIC_DisableIRQ	16	static
stm32g0xx_hal_cortex.c:175:6:HAL_NVIC_SystemReset	8	static
stm32g0xx_hal_cortex.c:188:10:HAL_SYSTICK_Config	16	static
stm32g0xx_hal_cortex.c:219:10:HAL_NVIC_GetPriority	16	static
stm32g0xx_hal_cortex.c:232:6:HAL_NVIC_SetPendingIRQ	16	static
stm32g0xx_hal_cortex.c:250:10:HAL_NVIC_GetPendingIRQ	16	static
stm32g0xx_hal_cortex.c:266:6:HAL_NVIC_ClearPendingIRQ	16	static
stm32g0xx_hal_cortex.c:283:6:HAL_SYSTICK_CLKSourceConfig	16	static
stm32g0xx_hal_cortex.c:301:6:HAL_SYSTICK_IRQHandler	8	static
stm32g0xx_hal_cortex.c:310:13:HAL_SYSTICK_Callback	8	static
stm32g0xx_hal_cortex.c:329:6:HAL_MPU_Enable	16	static,ignoring_inline_asm
stm32g0xx_hal_cortex.c:344:6:HAL_MPU_Disable	8	static,ignoring_inline_asm
stm32g0xx_hal_cortex.c:360:6:HAL_MPU_ConfigRegion	16	static
