stm32g0xx_hal_uart.c:295:19:HAL_UART_Init	16	static
stm32g0xx_hal_uart.c:370:19:HAL_HalfDuplex_Init	16	static
stm32g0xx_hal_uart.c:445:19:HAL_LIN_Init	16	static
stm32g0xx_hal_uart.c:544:19:HAL_MultiProcessor_Init	24	static
stm32g0xx_hal_uart.c:620:19:HAL_UART_DeInit	16	static
stm32g0xx_hal_uart.c:667:13:HAL_UART_MspInit	16	static
stm32g0xx_hal_uart.c:682:13:HAL_UART_MspDeInit	16	static
stm32g0xx_hal_uart.c:1057:19:HAL_UART_Transmit	48	static
stm32g0xx_hal_uart.c:1160:19:HAL_UART_Receive	48	static
stm32g0xx_hal_uart.c:1259:19:HAL_UART_Transmit_IT	24	static
stm32g0xx_hal_uart.c:1348:19:HAL_UART_Receive_IT	24	static
stm32g0xx_hal_uart.c:1444:19:HAL_UART_Transmit_DMA	24	static
stm32g0xx_hal_uart.c:1535:19:HAL_UART_Receive_DMA	24	static
stm32g0xx_hal_uart.c:1620:19:HAL_UART_DMAPause	24	static
stm32g0xx_hal_uart.c:1656:19:HAL_UART_DMAResume	16	static
stm32g0xx_hal_uart.c:1690:19:HAL_UART_DMAStop	24	static
stm32g0xx_hal_uart.c:1765:19:HAL_UART_Abort	16	static
stm32g0xx_hal_uart.c:1859:19:HAL_UART_AbortTransmit	16	static
stm32g0xx_hal_uart.c:1917:19:HAL_UART_AbortReceive	16	static
stm32g0xx_hal_uart.c:1977:19:HAL_UART_Abort_IT	24	static
stm32g0xx_hal_uart.c:2121:19:HAL_UART_AbortTransmit_IT	16	static
stm32g0xx_hal_uart.c:2211:19:HAL_UART_AbortReceive_IT	16	static
stm32g0xx_hal_uart.c:2295:6:HAL_UART_IRQHandler	40	static
stm32g0xx_hal_uart.c:2516:13:HAL_UART_TxCpltCallback	16	static
stm32g0xx_hal_uart.c:2531:13:HAL_UART_TxHalfCpltCallback	16	static
stm32g0xx_hal_uart.c:2546:13:HAL_UART_RxCpltCallback	16	static
stm32g0xx_hal_uart.c:2561:13:HAL_UART_RxHalfCpltCallback	16	static
stm32g0xx_hal_uart.c:2576:13:HAL_UART_ErrorCallback	16	static
stm32g0xx_hal_uart.c:2591:13:HAL_UART_AbortCpltCallback	16	static
stm32g0xx_hal_uart.c:2606:13:HAL_UART_AbortTransmitCpltCallback	16	static
stm32g0xx_hal_uart.c:2621:13:HAL_UART_AbortReceiveCpltCallback	16	static
stm32g0xx_hal_uart.c:2663:19:HAL_MultiProcessor_EnableMuteMode	16	static
stm32g0xx_hal_uart.c:2684:19:HAL_MultiProcessor_DisableMuteMode	16	static
stm32g0xx_hal_uart.c:2705:6:HAL_MultiProcessor_EnterMuteMode	16	static
stm32g0xx_hal_uart.c:2715:19:HAL_HalfDuplex_EnableTransmitter	16	static
stm32g0xx_hal_uart.c:2740:19:HAL_HalfDuplex_EnableReceiver	16	static
stm32g0xx_hal_uart.c:2766:19:HAL_LIN_SendBreak	16	static
stm32g0xx_hal_uart.c:2813:23:HAL_UART_GetState	24	static
stm32g0xx_hal_uart.c:2828:10:HAL_UART_GetError	16	static
stm32g0xx_hal_uart.c:2873:19:UART_SetConfig	144	static
stm32g0xx_hal_uart.c:3086:6:UART_AdvFeatureConfig	16	static
stm32g0xx_hal_uart.c:3160:19:UART_CheckIdleState	32	static
stm32g0xx_hal_uart.c:3211:19:UART_WaitOnFlagUntilTimeout	24	static
stm32g0xx_hal_uart.c:3244:13:UART_EndTxTransfer	16	static
stm32g0xx_hal_uart.c:3260:13:UART_EndRxTransfer	16	static
stm32g0xx_hal_uart.c:3279:13:UART_DMATransmitCplt	24	static
stm32g0xx_hal_uart.c:3313:13:UART_DMATxHalfCplt	24	static
stm32g0xx_hal_uart.c:3331:13:UART_DMAReceiveCplt	24	static
stm32g0xx_hal_uart.c:3366:13:UART_DMARxHalfCplt	24	static
stm32g0xx_hal_uart.c:3384:13:UART_DMAError	32	static
stm32g0xx_hal_uart.c:3424:13:UART_DMAAbortOnError	24	static
stm32g0xx_hal_uart.c:3447:13:UART_DMATxAbortCallback	24	static
stm32g0xx_hal_uart.c:3501:13:UART_DMARxAbortCallback	24	static
stm32g0xx_hal_uart.c:3552:13:UART_DMATxOnlyAbortCallback	24	static
stm32g0xx_hal_uart.c:3585:13:UART_DMARxOnlyAbortCallback	24	static
stm32g0xx_hal_uart.c:3617:13:UART_TxISR_8BIT	16	static
stm32g0xx_hal_uart.c:3646:13:UART_TxISR_16BIT	24	static
stm32g0xx_hal_uart.c:3678:13:UART_TxISR_8BIT_FIFOEN	24	static
stm32g0xx_hal_uart.c:3718:13:UART_TxISR_16BIT_FIFOEN	24	static
stm32g0xx_hal_uart.c:3759:13:UART_EndTransmit_IT	16	static
stm32g0xx_hal_uart.c:3784:13:UART_RxISR_8BIT	24	static
stm32g0xx_hal_uart.c:3834:13:UART_RxISR_16BIT	24	static
stm32g0xx_hal_uart.c:3886:13:UART_RxISR_8BIT_FIFOEN	24	static
stm32g0xx_hal_uart.c:3958:13:UART_RxISR_16BIT_FIFOEN	32	static
