nfc.c:29:6:unlockI2CSecurity	48	static
nfc.c:54:6:lockI2CSecurity	40	static
nfc.c:74:6:changeI2CPassword	48	static
nfc.c:90:6:readI2CPassword	16	static
nfc.c:102:6:readSystemMemory	24	static
nfc.c:112:6:writeSystemMemory	32	static
nfc.c:127:6:readDynamicReg	16	static
nfc.c:137:6:writeDynamicReg	24	static
nfc.c:152:6:writeUserMemory	24	static
nfc.c:165:6:readUserMemory	24	static
nfc.c:171:6:readDeviceUID	16	static
nfc.c:175:6:NFC04A1_setRFMode	16	static
nfc.c:179:6:NFC04A1_setRFModeDyn	16	static
nfc.c:183:5:checkAreaSizeValidity	16	static
nfc.c:196:6:setDefaultArea	32	static
nfc.c:213:6:set2Area	32	static
nfc.c:230:6:set3Area	32	static
nfc.c:252:6:set4Area	40	static
nfc.c:274:5:validateArea	32	static
nfc.c:294:6:setArea	40	static
nfc.c:334:6:i2CWriteProtectUserArea	32	static
nfc.c:344:6:rfWriteProtectUserArea	32	static
nfc.c:359:6:enableMailBox	32	static
nfc.c:370:6:disableMailBox	32	static
nfc.c:381:6:setMailBoxTimeout	32	static
nfc.c:390:6:resetMailBox	16	static
nfc.c:398:6:configFastTransferMode	16	static
nfc.c:409:6:waitRFReadMessage	16	static
nfc.c:421:6:waitRFWriteMessage	16	static
nfc.c:433:6:writeDatatoMailbox	32	static
nfc.c:448:6:readDatafromMailbox	32	static
nfc.c:453:6:getMailBoxStatus	16	static
nfc.c:457:6:getMailBoxMessage	32	static
nfc.c:473:6:enableInterrupt	32	static
nfc.c:484:6:disableInterrupt	32	static
nfc.c:495:6:configureInterrupt	32	static
nfc.c:508:6:enableEnergyHarvest	32	static
nfc.c:518:6:disableEnergyHarvest	32	static
