nfc.c:16:6:unlockI2CSecurity	48	static
nfc.c:41:6:lockI2CSecurity	40	static
nfc.c:61:6:changeI2CPassword	48	static
nfc.c:77:6:readI2CPassword	16	static
nfc.c:89:6:readSystemMemory	24	static
nfc.c:99:6:writeSystemMemory	32	static
nfc.c:114:6:readDynamicReg	16	static
nfc.c:124:6:writeDynamicReg	24	static
nfc.c:139:6:writeUserMemory	16	static
nfc.c:163:6:readUserMemory	16	static
nfc.c:169:6:readDeviceUID	16	static
nfc.c:173:6:NFC04A1_setRFMode	16	static
nfc.c:177:6:NFC04A1_setRFModeDyn	16	static
nfc.c:181:5:checkAreaSizeValidity	16	static
nfc.c:194:6:setDefaultArea	32	static
nfc.c:211:6:set2Area	32	static
nfc.c:228:6:set3Area	32	static
nfc.c:250:6:set4Area	40	static
nfc.c:272:5:validateArea	32	static
nfc.c:292:6:setArea	40	static
nfc.c:332:6:i2CWriteProtectUserArea	32	static
nfc.c:342:6:rfWriteProtectUserArea	32	static
nfc.c:357:6:enableMailBox	32	static
nfc.c:368:6:disableMailBox	32	static
nfc.c:379:6:setMailBoxTimeout	32	static
nfc.c:388:6:resetMailBox	16	static
nfc.c:396:6:configFastTransferMode	16	static
nfc.c:407:6:waitRFReadMessage	16	static
nfc.c:419:6:waitRFWriteMessage	16	static
nfc.c:431:6:writeDatatoMailbox	32	static
nfc.c:446:6:readDatafromMailbox	32	static
nfc.c:451:6:getMailBoxStatus	16	static
nfc.c:455:6:getMailBoxMessage	32	static
nfc.c:471:6:enableInterrupt	32	static
nfc.c:482:6:disableInterrupt	32	static
nfc.c:493:6:configureInterrupt	32	static
nfc.c:506:6:enableEnergyHarvest	32	static
nfc.c:516:6:disableEnergyHarvest	32	static
