nfc.c:29:6:unlockI2CSecurity	48	static
nfc.c:54:6:lockI2CSecurity	40	static
nfc.c:74:6:changeI2CPassword	48	static
nfc.c:90:6:readI2CPassword	16	static
nfc.c:102:6:readSystemMemory	24	static
nfc.c:112:6:writeSystemMemory	32	static
nfc.c:127:6:readDynamicReg	16	static
nfc.c:137:6:writeDynamicReg	24	static
nfc.c:152:6:writeUserMemory	16	static
nfc.c:176:6:readUserMemory	16	static
nfc.c:182:6:readDeviceUID	16	static
nfc.c:186:6:NFC04A1_setRFMode	16	static
nfc.c:190:6:NFC04A1_setRFModeDyn	16	static
nfc.c:194:5:checkAreaSizeValidity	16	static
nfc.c:207:6:setDefaultArea	32	static
nfc.c:224:6:set2Area	32	static
nfc.c:241:6:set3Area	32	static
nfc.c:263:6:set4Area	40	static
nfc.c:285:5:validateArea	32	static
nfc.c:305:6:setArea	40	static
nfc.c:345:6:i2CWriteProtectUserArea	32	static
nfc.c:355:6:rfWriteProtectUserArea	32	static
nfc.c:370:6:enableMailBox	32	static
nfc.c:381:6:disableMailBox	32	static
nfc.c:392:6:setMailBoxTimeout	32	static
nfc.c:401:6:resetMailBox	16	static
nfc.c:409:6:configFastTransferMode	16	static
nfc.c:420:6:waitRFReadMessage	16	static
nfc.c:432:6:waitRFWriteMessage	16	static
nfc.c:444:6:writeDatatoMailbox	32	static
nfc.c:459:6:readDatafromMailbox	32	static
nfc.c:464:6:getMailBoxStatus	16	static
nfc.c:468:6:getMailBoxMessage	32	static
nfc.c:484:6:enableInterrupt	32	static
nfc.c:495:6:disableInterrupt	32	static
nfc.c:506:6:configureInterrupt	32	static
nfc.c:519:6:enableEnergyHarvest	32	static
nfc.c:529:6:disableEnergyHarvest	32	static
